

================================================================
== Vivado HLS Report for 'conv2'
================================================================
* Date:           Thu Jun 18 07:31:38 2020

* Version:        2018.3 (Build 2405991 on Thu Dec 06 23:56:15 MST 2018)
* Project:        lenet_hls
* Solution:       solution1
* Product family: zynq
* Target device:  xc7z007sclg225-1


================================================================
== Performance Estimates
================================================================
+ Timing (ns): 
    * Summary: 
    +--------+-------+----------+------------+
    |  Clock | Target| Estimated| Uncertainty|
    +--------+-------+----------+------------+
    |ap_clk  |  10.00|     7.487|        1.25|
    +--------+-------+----------+------------+

+ Latency (clock cycles): 
    * Summary: 
    +---------+---------+---------+---------+---------+
    |      Latency      |      Interval     | Pipeline|
    |   min   |   max   |   min   |   max   |   Type  |
    +---------+---------+---------+---------+---------+
    |  1007922|  1007922|  1007922|  1007922|   none  |
    +---------+---------+---------+---------+---------+

    + Detail: 
        * Instance: 
        N/A

        * Loop: 
        +-------------------------------+---------+---------+----------+-----------+-----------+------+----------+
        |                               |      Latency      | Iteration|  Initiation Interval  | Trip |          |
        |           Loop Name           |   min   |   max   |  Latency |  achieved |   target  | Count| Pipelined|
        +-------------------------------+---------+---------+----------+-----------+-----------+------+----------+
        |- conv_layer1_label181         |     1568|     1568|         1|          -|          -|  1568|    no    |
        |- Loop 2                       |  1006352|  1006352|     62897|          -|          -|    16|    no    |
        | + conv_layer2_label8          |    62894|    62894|      4838|          -|          -|    13|    no    |
        |  ++ conv_layer2_label2        |     4836|     4836|       372|          -|          -|    13|    no    |
        |   +++ conv_layer2_label9      |      364|      364|       182|          -|          -|     2|    no    |
        |    ++++ conv_layer2_label7    |      180|      180|        90|          -|          -|     2|    no    |
        |     +++++ conv_layer2_label6  |       88|       88|        11|          -|          -|     8|    no    |
        +-------------------------------+---------+---------+----------+-----------+-----------+------+----------+



================================================================
== Utilization Estimates
================================================================
* Summary: 
+-----------------+---------+-------+-------+-------+
|       Name      | BRAM_18K| DSP48E|   FF  |  LUT  |
+-----------------+---------+-------+-------+-------+
|DSP              |        -|      -|      -|      -|
|Expression       |        -|      -|      0|    318|
|FIFO             |        -|      -|      -|      -|
|Instance         |        -|      5|    414|    950|
|Memory           |        5|      -|     32|      8|
|Multiplexer      |        -|      -|      -|    301|
|Register         |        -|      -|    430|      -|
+-----------------+---------+-------+-------+-------+
|Total            |        5|      5|    876|   1577|
+-----------------+---------+-------+-------+-------+
|Available        |      100|     66|  28800|  14400|
+-----------------+---------+-------+-------+-------+
|Utilization (%)  |        5|      7|      3|     10|
+-----------------+---------+-------+-------+-------+

+ Detail: 
    * Instance: 
    +----------------------------------------------+------------------------------------------+---------+-------+-----+-----+
    |                   Instance                   |                  Module                  | BRAM_18K| DSP48E|  FF | LUT |
    +----------------------------------------------+------------------------------------------+---------+-------+-----+-----+
    |lenet_hls_fadd_32ns_32ns_32_5_full_dsp_1_U17  |lenet_hls_fadd_32ns_32ns_32_5_full_dsp_1  |        0|      2|  205|  390|
    |lenet_hls_fcmp_32ns_32ns_1_1_1_U19            |lenet_hls_fcmp_32ns_32ns_1_1_1            |        0|      0|   66|  239|
    |lenet_hls_fmul_32ns_32ns_32_4_max_dsp_1_U18   |lenet_hls_fmul_32ns_32ns_32_4_max_dsp_1   |        0|      3|  143|  321|
    +----------------------------------------------+------------------------------------------+---------+-------+-----+-----+
    |Total                                         |                                          |        0|      5|  414|  950|
    +----------------------------------------------+------------------------------------------+---------+-------+-----+-----+

    * DSP48: 
    N/A

    * Memory: 
    +-----------------------+---------------------------+---------+----+----+------+-----+------+-------------+
    |         Memory        |           Module          | BRAM_18K| FF | LUT| Words| Bits| Banks| W*Bits*Banks|
    +-----------------------+---------------------------+---------+----+----+------+-----+------+-------------+
    |conv2_layer_bias_U     |conv2_conv2_layer_bias     |        0|  32|   8|    16|   32|     1|          512|
    |conv2_layer_weights_U  |conv2_conv2_layer_weights  |        1|   0|   0|   512|   32|     1|        16384|
    |conv_buff_U            |conv2_conv_buff            |        4|   0|   0|  1568|   32|     1|        50176|
    +-----------------------+---------------------------+---------+----+----+------+-----+------+-------------+
    |Total                  |                           |        5|  32|   8|  2096|   96|     3|        67072|
    +-----------------------+---------------------------+---------+----+----+------+-----+------+-------------+

    * FIFO: 
    N/A

    * Expression: 
    +----------------------------+----------+-------+---+----+------------+------------+
    |        Variable Name       | Operation| DSP48E| FF| LUT| Bitwidth P0| Bitwidth P1|
    +----------------------------+----------+-------+---+----+------------+------------+
    |channel_offset_1_fu_530_p2  |     +    |      0|  0|  13|           4|           1|
    |col_offset_1_fu_478_p2      |     +    |      0|  0|  10|           2|           1|
    |filter_1_fu_352_p2          |     +    |      0|  0|  15|           5|           1|
    |i_11_fu_381_p2              |     +    |      0|  0|  13|           4|           1|
    |j_7_fu_393_p2               |     +    |      0|  0|  13|           4|           1|
    |k_3_fu_335_p2               |     +    |      0|  0|  13|          11|           1|
    |next_mul_fu_536_p2          |     +    |      0|  0|  13|          11|           8|
    |row_offset_1_fu_409_p2      |     +    |      0|  0|  10|           2|           1|
    |t1_fu_542_p2                |     +    |      0|  0|  12|          12|          12|
    |tmp1_fu_501_p2              |     +    |      0|  0|  13|           4|           4|
    |tmp_55_fu_415_p2            |     +    |      0|  0|  13|           4|           4|
    |tmp_59_fu_511_p2            |     +    |      0|  0|  15|           9|           9|
    |tmp_65_fu_455_p2            |     +    |      0|  0|  15|           7|           7|
    |tmp_67_fu_488_p2            |     +    |      0|  0|  15|           8|           8|
    |tmp_68_fu_555_p2            |     +    |      0|  0|  13|          11|          11|
    |tmp_56_fu_445_p2            |     -    |      0|  0|  15|           9|           9|
    |ap_block_state2             |    and   |      0|  0|   2|           1|           1|
    |exitcond4_fu_329_p2         |   icmp   |      0|  0|  13|          11|          10|
    |exitcond5_fu_346_p2         |   icmp   |      0|  0|  11|           5|           6|
    |exitcond6_fu_375_p2         |   icmp   |      0|  0|   9|           4|           3|
    |exitcond7_fu_387_p2         |   icmp   |      0|  0|   9|           4|           3|
    |exitcond8_fu_472_p2         |   icmp   |      0|  0|   9|           2|           3|
    |exitcond9_fu_403_p2         |   icmp   |      0|  0|   9|           2|           3|
    |exitcond_fu_524_p2          |   icmp   |      0|  0|  11|           4|           5|
    |ap_block_state1             |    or    |      0|  0|   2|           1|           1|
    |tmp_64_fu_570_p3            |  select  |      0|  0|  32|           1|          32|
    +----------------------------+----------+-------+---+----+------------+------------+
    |Total                       |          |      0|  0| 318|         142|         146|
    +----------------------------+----------+-------+---+----+------------+------------+

    * Multiplexer: 
    +------------------------+-----+-----------+-----+-----------+
    |          Name          | LUT | Input Size| Bits| Total Bits|
    +------------------------+-----+-----------+-----+-----------+
    |ap_NS_fsm               |  121|         26|    1|         26|
    |ap_done                 |    9|          2|    1|          2|
    |channel_offset_reg_292  |    9|          2|    4|          8|
    |col_offset_reg_269      |    9|          2|    2|          4|
    |conv2_out_V_blk_n       |    9|          2|    1|          2|
    |conv_buff_address0      |   15|          3|   11|         33|
    |filter_reg_198          |    9|          2|    5|         10|
    |grp_fu_314_p0           |   15|          3|   32|         96|
    |grp_fu_314_p1           |   15|          3|   32|         96|
    |i_reg_210               |    9|          2|    4|          8|
    |in_V_blk_n              |    9|          2|    1|          2|
    |j_reg_222               |    9|          2|    4|          8|
    |k_reg_187               |    9|          2|   11|         22|
    |phi_mul_reg_303         |    9|          2|   11|         22|
    |real_start              |    9|          2|    1|          2|
    |row_offset_reg_246      |    9|          2|    2|          4|
    |sum_3_reg_234           |    9|          2|   32|         64|
    |sum_4_reg_257           |    9|          2|   32|         64|
    |sum_5_reg_280           |    9|          2|   32|         64|
    +------------------------+-----+-----------+-----+-----------+
    |Total                   |  301|         65|  219|        537|
    +------------------------+-----+-----------+-----+-----------+

    * Register: 
    +-------------------------------+----+----+-----+-----------+
    |              Name             | FF | LUT| Bits| Const Bits|
    +-------------------------------+----+----+-----+-----------+
    |a_assign_reg_703               |  32|   0|   32|          0|
    |ap_CS_fsm                      |  25|   0|   25|          0|
    |ap_done_reg                    |   1|   0|    1|          0|
    |channel_offset_1_reg_663       |   4|   0|    4|          0|
    |channel_offset_reg_292         |   4|   0|    4|          0|
    |col_offset_1_reg_645           |   2|   0|    2|          0|
    |col_offset_reg_269             |   2|   0|    2|          0|
    |conv2_layer_bias_loa_reg_603   |  32|   0|   32|          0|
    |conv2_layer_weights_1_reg_683  |  32|   0|   32|          0|
    |conv_buff_load_reg_688         |  32|   0|   32|          0|
    |filter_1_reg_588               |   5|   0|    5|          0|
    |filter_reg_198                 |   5|   0|    5|          0|
    |i_11_reg_611                   |   4|   0|    4|          0|
    |i_reg_210                      |   4|   0|    4|          0|
    |j_7_reg_619                    |   4|   0|    4|          0|
    |j_reg_222                      |   4|   0|    4|          0|
    |k_reg_187                      |  11|   0|   11|          0|
    |next_mul_reg_668               |  11|   0|   11|          0|
    |phi_mul_reg_303                |  11|   0|   11|          0|
    |row_offset_1_reg_627           |   2|   0|    2|          0|
    |row_offset_reg_246             |   2|   0|    2|          0|
    |start_once_reg                 |   1|   0|    1|          0|
    |sum_3_reg_234                  |  32|   0|   32|          0|
    |sum_4_reg_257                  |  32|   0|   32|          0|
    |sum_5_reg_280                  |  32|   0|   32|          0|
    |tmp_56_reg_632                 |   8|   0|    9|          1|
    |tmp_63_reg_693                 |  32|   0|   32|          0|
    |tmp_64_reg_709                 |  32|   0|   32|          0|
    |tmp_65_cast1_reg_598           |   5|   0|    7|          2|
    |tmp_65_cast_reg_655            |  12|   0|   12|          0|
    |tmp_66_reg_637                 |   7|   0|    8|          1|
    |tmp_72_cast_reg_650            |   8|   0|   11|          3|
    +-------------------------------+----+----+-----+-----------+
    |Total                          | 430|   0|  437|          7|
    +-------------------------------+----+----+-----+-----------+



================================================================
== Interface
================================================================
* Summary: 
+--------------------+-----+-----+------------+--------------+--------------+
|      RTL Ports     | Dir | Bits|  Protocol  | Source Object|    C Type    |
+--------------------+-----+-----+------------+--------------+--------------+
|ap_clk              |  in |    1| ap_ctrl_hs |     conv2    | return value |
|ap_rst              |  in |    1| ap_ctrl_hs |     conv2    | return value |
|ap_start            |  in |    1| ap_ctrl_hs |     conv2    | return value |
|start_full_n        |  in |    1| ap_ctrl_hs |     conv2    | return value |
|ap_done             | out |    1| ap_ctrl_hs |     conv2    | return value |
|ap_continue         |  in |    1| ap_ctrl_hs |     conv2    | return value |
|ap_idle             | out |    1| ap_ctrl_hs |     conv2    | return value |
|ap_ready            | out |    1| ap_ctrl_hs |     conv2    | return value |
|start_out           | out |    1| ap_ctrl_hs |     conv2    | return value |
|start_write         | out |    1| ap_ctrl_hs |     conv2    | return value |
|conv2_out_V_din     | out |   32|   ap_fifo  |  conv2_out_V |    pointer   |
|conv2_out_V_full_n  |  in |    1|   ap_fifo  |  conv2_out_V |    pointer   |
|conv2_out_V_write   | out |    1|   ap_fifo  |  conv2_out_V |    pointer   |
|in_V_dout           |  in |   32|   ap_fifo  |     in_V     |    pointer   |
|in_V_empty_n        |  in |    1|   ap_fifo  |     in_V     |    pointer   |
|in_V_read           | out |    1|   ap_fifo  |     in_V     |    pointer   |
+--------------------+-----+-----+------------+--------------+--------------+

