

================================================================
== Vivado HLS Report for 'pool1'
================================================================
* Date:           Sat Jun 20 14:10:02 2020

* Version:        2018.3 (Build 2405991 on Thu Dec 06 23:56:15 MST 2018)
* Project:        lenet_hls
* Solution:       solution1
* Product family: zynq
* Target device:  xc7z007sclg225-1


================================================================
== Performance Estimates
================================================================
+ Timing (ns): 
    * Summary: 
    +--------+-------+----------+------------+
    |  Clock | Target| Estimated| Uncertainty|
    +--------+-------+----------+------------+
    |ap_clk  |  10.00|     8.637|        1.25|
    +--------+-------+----------+------------+

+ Latency (clock cycles): 
    * Summary: 
    +-------+-------+-------+-------+---------+
    |    Latency    |    Interval   | Pipeline|
    |  min  |  max  |  min  |  max  |   Type  |
    +-------+-------+-------+-------+---------+
    |  35657|  35657|  35657|  35657|   none  |
    +-------+-------+-------+-------+---------+

    + Detail: 
        * Instance: 
        N/A

        * Loop: 
        +------------------------------+-------+-------+----------+-----------+-----------+------+----------+
        |                              |    Latency    | Iteration|  Initiation Interval  | Trip |          |
        |           Loop Name          |  min  |  max  |  Latency |  achieved |   target  | Count| Pipelined|
        +------------------------------+-------+-------+----------+-----------+-----------+------+----------+
        |- pool_layer1_label18         |  35656|  35656|      4457|          -|          -|     8|    no    |
        | + pool_layer1_label181       |   1682|   1682|         2|          -|          -|   841|    no    |
        | + pool_layer1_label13        |   2772|   2772|       198|          -|          -|    14|    no    |
        |  ++ pool_layer1_label14      |    196|    196|        14|          -|          -|    14|    no    |
        |   +++ pool_layer1_label6     |     12|     12|         6|          -|          -|     2|    no    |
        |    ++++ pool_layer1_label15  |      4|      4|         2|          -|          -|     2|    no    |
        +------------------------------+-------+-------+----------+-----------+-----------+------+----------+



================================================================
== Utilization Estimates
================================================================
* Summary: 
+-----------------+---------+-------+-------+-------+
|       Name      | BRAM_18K| DSP48E|   FF  |  LUT  |
+-----------------+---------+-------+-------+-------+
|DSP              |        -|      -|      -|      -|
|Expression       |        -|      0|      0|    259|
|FIFO             |        -|      -|      -|      -|
|Instance         |        -|      -|      -|      -|
|Memory           |        -|      -|      -|      -|
|Multiplexer      |        -|      -|      -|   2369|
|Register         |        -|      -|  13094|      -|
+-----------------+---------+-------+-------+-------+
|Total            |        0|      0|  13094|   2628|
+-----------------+---------+-------+-------+-------+
|Available        |      100|     66|  28800|  14400|
+-----------------+---------+-------+-------+-------+
|Utilization (%)  |        0|      0|     45|     18|
+-----------------+---------+-------+-------+-------+

+ Detail: 
    * Instance: 
    N/A

    * DSP48: 
    N/A

    * Memory: 
    N/A

    * FIFO: 
    N/A

    * Expression: 
    +----------------------------+----------+-------+---+----+------------+------------+
    |        Variable Name       | Operation| DSP48E| FF| LUT| Bitwidth P0| Bitwidth P1|
    +----------------------------+----------+-------+---+----+------------+------------+
    |tmp_15_fu_11161_p2          |     *    |      0|  0|  17|           5|           5|
    |array_access_t_fu_11214_p2  |     +    |      0|  0|  14|          10|          10|
    |i_2_fu_11125_p2             |     +    |      0|  0|  15|           5|           2|
    |j_2_fu_11173_p2             |     +    |      0|  0|  15|           5|           2|
    |k_2_fu_6890_p2              |     +    |      0|  0|  13|           4|           1|
    |l_2_fu_11145_p2             |     +    |      0|  0|  10|           1|           2|
    |m_2_fu_11189_p2             |     +    |      0|  0|  10|           1|           2|
    |p_2_fu_6902_p2              |     +    |      0|  0|  14|          10|           1|
    |tmp1_fu_11204_p2            |     +    |      0|  0|  15|           5|           5|
    |tmp_14_fu_11151_p2          |     +    |      0|  0|  15|           5|           5|
    |ap_block_state3             |    and   |      0|  0|   2|           1|           1|
    |ap_block_state9             |    and   |      0|  0|   2|           1|           1|
    |ap_condition_14343          |    and   |      0|  0|   2|           1|           1|
    |or_cond_fu_13679_p2         |    and   |      0|  0|   2|           1|           1|
    |exitcond4_fu_6884_p2        |   icmp   |      0|  0|  11|           4|           5|
    |exitcond5_fu_6896_p2        |   icmp   |      0|  0|  13|          10|           9|
    |exitcond6_fu_11139_p2       |   icmp   |      0|  0|   9|           2|           3|
    |exitcond_fu_11183_p2        |   icmp   |      0|  0|   9|           2|           3|
    |tmp_13_fu_11119_p2          |   icmp   |      0|  0|  11|           5|           4|
    |tmp_16_fu_11167_p2          |   icmp   |      0|  0|   8|           2|           1|
    |tmp_20_fu_13658_p2          |   icmp   |      0|  0|  13|          16|          16|
    |tmp_22_fu_13673_p2          |   icmp   |      0|  0|   8|           2|           1|
    |tmp_s_fu_11113_p2           |   icmp   |      0|  0|  11|           5|           4|
    |ap_block_state1             |    or    |      0|  0|   2|           1|           1|
    |tmp_18_fu_11199_p2          |    or    |      0|  0|   2|           1|           1|
    |value_V_4_fu_13664_p3       |  select  |      0|  0|  16|           1|          16|
    +----------------------------+----------+-------+---+----+------------+------------+
    |Total                       |          |      0|  0| 259|         106|         103|
    +----------------------------+----------+-------+---+----+------------+------------+

    * Multiplexer: 
    +--------------------------------------+------+-----------+-----+-----------+
    |                 Name                 |  LUT | Input Size| Bits| Total Bits|
    +--------------------------------------+------+-----------+-----+-----------+
    |ap_NS_fsm                             |    47|         10|    1|         10|
    |ap_done                               |     9|          2|    1|          2|
    |ap_phi_mux_value_V_6_phi_fu_6860_p4   |    15|          3|   16|         48|
    |ap_phi_mux_value_V_be_phi_fu_6871_p4  |    15|          3|   16|         48|
    |i_reg_5181                            |     9|          2|    5|         10|
    |in_V_V_blk_n                          |     9|          2|    1|          2|
    |j_reg_5193                            |     9|          2|    5|         10|
    |k_reg_5159                            |     9|          2|    4|          8|
    |l_reg_5205                            |     9|          2|    2|          4|
    |m_reg_5216                            |     9|          2|    2|          4|
    |out_V_V_blk_n                         |     9|          2|    1|          2|
    |p_reg_5170                            |     9|          2|   10|         20|
    |real_start                            |     9|          2|    1|          2|
    |tmp_V_fu_1778                         |     9|          2|   16|         32|
    |value_V_reg_5228                      |  2193|        812|   16|      12992|
    +--------------------------------------+------+-----------+-----+-----------+
    |Total                                 |  2369|        850|   97|      13194|
    +--------------------------------------+------+-----------+-----+-----------+

    * Register: 
    +------------------------------+-----+----+-----+-----------+
    |             Name             |  FF | LUT| Bits| Const Bits|
    +------------------------------+-----+----+-----+-----------+
    |ap_CS_fsm                     |    9|   0|    9|          0|
    |ap_done_reg                   |    1|   0|    1|          0|
    |i_reg_5181                    |    5|   0|    5|          0|
    |j_reg_5193                    |    5|   0|    5|          0|
    |k_2_reg_18716                 |    4|   0|    4|          0|
    |k_reg_5159                    |    4|   0|    4|          0|
    |l_2_reg_18748                 |    2|   0|    2|          0|
    |l_reg_5205                    |    2|   0|    2|          0|
    |m_2_reg_18771                 |    2|   0|    2|          0|
    |m_reg_5216                    |    2|   0|    2|          0|
    |p_2_reg_18724                 |   10|   0|   10|          0|
    |p_reg_5170                    |   10|   0|   10|          0|
    |pool_buff_val_0_V_0_fu_1782   |   16|   0|   16|          0|
    |pool_buff_val_100_V_fu_2182   |   16|   0|   16|          0|
    |pool_buff_val_101_V_fu_2186   |   16|   0|   16|          0|
    |pool_buff_val_102_V_fu_2190   |   16|   0|   16|          0|
    |pool_buff_val_103_V_fu_2194   |   16|   0|   16|          0|
    |pool_buff_val_104_V_fu_2198   |   16|   0|   16|          0|
    |pool_buff_val_105_V_fu_2202   |   16|   0|   16|          0|
    |pool_buff_val_106_V_fu_2206   |   16|   0|   16|          0|
    |pool_buff_val_107_V_fu_2210   |   16|   0|   16|          0|
    |pool_buff_val_108_V_fu_2214   |   16|   0|   16|          0|
    |pool_buff_val_109_V_fu_2218   |   16|   0|   16|          0|
    |pool_buff_val_10_V_s_fu_1822  |   16|   0|   16|          0|
    |pool_buff_val_110_V_fu_2222   |   16|   0|   16|          0|
    |pool_buff_val_111_V_fu_2226   |   16|   0|   16|          0|
    |pool_buff_val_112_V_fu_2230   |   16|   0|   16|          0|
    |pool_buff_val_113_V_fu_2234   |   16|   0|   16|          0|
    |pool_buff_val_114_V_fu_2238   |   16|   0|   16|          0|
    |pool_buff_val_115_V_fu_2242   |   16|   0|   16|          0|
    |pool_buff_val_116_V_fu_2246   |   16|   0|   16|          0|
    |pool_buff_val_117_V_fu_2250   |   16|   0|   16|          0|
    |pool_buff_val_118_V_fu_2254   |   16|   0|   16|          0|
    |pool_buff_val_119_V_fu_2258   |   16|   0|   16|          0|
    |pool_buff_val_11_V_s_fu_1826  |   16|   0|   16|          0|
    |pool_buff_val_120_V_fu_2262   |   16|   0|   16|          0|
    |pool_buff_val_121_V_fu_2266   |   16|   0|   16|          0|
    |pool_buff_val_122_V_fu_2270   |   16|   0|   16|          0|
    |pool_buff_val_123_V_fu_2274   |   16|   0|   16|          0|
    |pool_buff_val_124_V_fu_2278   |   16|   0|   16|          0|
    |pool_buff_val_125_V_fu_2282   |   16|   0|   16|          0|
    |pool_buff_val_126_V_fu_2286   |   16|   0|   16|          0|
    |pool_buff_val_127_V_fu_2290   |   16|   0|   16|          0|
    |pool_buff_val_128_V_fu_2294   |   16|   0|   16|          0|
    |pool_buff_val_129_V_fu_2298   |   16|   0|   16|          0|
    |pool_buff_val_12_V_s_fu_1830  |   16|   0|   16|          0|
    |pool_buff_val_130_V_fu_2302   |   16|   0|   16|          0|
    |pool_buff_val_131_V_fu_2306   |   16|   0|   16|          0|
    |pool_buff_val_132_V_fu_2310   |   16|   0|   16|          0|
    |pool_buff_val_133_V_fu_2314   |   16|   0|   16|          0|
    |pool_buff_val_134_V_fu_2318   |   16|   0|   16|          0|
    |pool_buff_val_135_V_fu_2322   |   16|   0|   16|          0|
    |pool_buff_val_136_V_fu_2326   |   16|   0|   16|          0|
    |pool_buff_val_137_V_fu_2330   |   16|   0|   16|          0|
    |pool_buff_val_138_V_fu_2334   |   16|   0|   16|          0|
    |pool_buff_val_139_V_fu_2338   |   16|   0|   16|          0|
    |pool_buff_val_13_V_s_fu_1834  |   16|   0|   16|          0|
    |pool_buff_val_140_V_fu_2342   |   16|   0|   16|          0|
    |pool_buff_val_141_V_fu_2346   |   16|   0|   16|          0|
    |pool_buff_val_142_V_fu_2350   |   16|   0|   16|          0|
    |pool_buff_val_143_V_fu_2354   |   16|   0|   16|          0|
    |pool_buff_val_144_V_fu_2358   |   16|   0|   16|          0|
    |pool_buff_val_145_V_fu_2362   |   16|   0|   16|          0|
    |pool_buff_val_146_V_fu_2366   |   16|   0|   16|          0|
    |pool_buff_val_147_V_fu_2370   |   16|   0|   16|          0|
    |pool_buff_val_148_V_fu_2374   |   16|   0|   16|          0|
    |pool_buff_val_149_V_fu_2378   |   16|   0|   16|          0|
    |pool_buff_val_14_V_s_fu_1838  |   16|   0|   16|          0|
    |pool_buff_val_150_V_fu_2382   |   16|   0|   16|          0|
    |pool_buff_val_151_V_fu_2386   |   16|   0|   16|          0|
    |pool_buff_val_152_V_fu_2390   |   16|   0|   16|          0|
    |pool_buff_val_153_V_fu_2394   |   16|   0|   16|          0|
    |pool_buff_val_154_V_fu_2398   |   16|   0|   16|          0|
    |pool_buff_val_155_V_fu_2402   |   16|   0|   16|          0|
    |pool_buff_val_156_V_fu_2406   |   16|   0|   16|          0|
    |pool_buff_val_157_V_fu_2410   |   16|   0|   16|          0|
    |pool_buff_val_158_V_fu_2414   |   16|   0|   16|          0|
    |pool_buff_val_159_V_fu_2418   |   16|   0|   16|          0|
    |pool_buff_val_15_V_s_fu_1842  |   16|   0|   16|          0|
    |pool_buff_val_160_V_fu_2422   |   16|   0|   16|          0|
    |pool_buff_val_161_V_fu_2426   |   16|   0|   16|          0|
    |pool_buff_val_162_V_fu_2430   |   16|   0|   16|          0|
    |pool_buff_val_163_V_fu_2434   |   16|   0|   16|          0|
    |pool_buff_val_164_V_fu_2438   |   16|   0|   16|          0|
    |pool_buff_val_165_V_fu_2442   |   16|   0|   16|          0|
    |pool_buff_val_166_V_fu_2446   |   16|   0|   16|          0|
    |pool_buff_val_167_V_fu_2450   |   16|   0|   16|          0|
    |pool_buff_val_168_V_fu_2454   |   16|   0|   16|          0|
    |pool_buff_val_169_V_fu_2458   |   16|   0|   16|          0|
    |pool_buff_val_16_V_s_fu_1846  |   16|   0|   16|          0|
    |pool_buff_val_170_V_fu_2462   |   16|   0|   16|          0|
    |pool_buff_val_171_V_fu_2466   |   16|   0|   16|          0|
    |pool_buff_val_172_V_fu_2470   |   16|   0|   16|          0|
    |pool_buff_val_173_V_fu_2474   |   16|   0|   16|          0|
    |pool_buff_val_174_V_fu_2478   |   16|   0|   16|          0|
    |pool_buff_val_175_V_fu_2482   |   16|   0|   16|          0|
    |pool_buff_val_176_V_fu_2486   |   16|   0|   16|          0|
    |pool_buff_val_177_V_fu_2490   |   16|   0|   16|          0|
    |pool_buff_val_178_V_fu_2494   |   16|   0|   16|          0|
    |pool_buff_val_179_V_fu_2498   |   16|   0|   16|          0|
    |pool_buff_val_17_V_s_fu_1850  |   16|   0|   16|          0|
    |pool_buff_val_180_V_fu_2502   |   16|   0|   16|          0|
    |pool_buff_val_181_V_fu_2506   |   16|   0|   16|          0|
    |pool_buff_val_182_V_fu_2510   |   16|   0|   16|          0|
    |pool_buff_val_183_V_fu_2514   |   16|   0|   16|          0|
    |pool_buff_val_184_V_fu_2518   |   16|   0|   16|          0|
    |pool_buff_val_185_V_fu_2522   |   16|   0|   16|          0|
    |pool_buff_val_186_V_fu_2526   |   16|   0|   16|          0|
    |pool_buff_val_187_V_fu_2530   |   16|   0|   16|          0|
    |pool_buff_val_188_V_fu_2534   |   16|   0|   16|          0|
    |pool_buff_val_189_V_fu_2538   |   16|   0|   16|          0|
    |pool_buff_val_18_V_s_fu_1854  |   16|   0|   16|          0|
    |pool_buff_val_190_V_fu_2542   |   16|   0|   16|          0|
    |pool_buff_val_191_V_fu_2546   |   16|   0|   16|          0|
    |pool_buff_val_192_V_fu_2550   |   16|   0|   16|          0|
    |pool_buff_val_193_V_fu_2554   |   16|   0|   16|          0|
    |pool_buff_val_194_V_fu_2558   |   16|   0|   16|          0|
    |pool_buff_val_195_V_fu_2562   |   16|   0|   16|          0|
    |pool_buff_val_196_V_fu_2566   |   16|   0|   16|          0|
    |pool_buff_val_197_V_fu_2570   |   16|   0|   16|          0|
    |pool_buff_val_198_V_fu_2574   |   16|   0|   16|          0|
    |pool_buff_val_199_V_fu_2578   |   16|   0|   16|          0|
    |pool_buff_val_19_V_s_fu_1858  |   16|   0|   16|          0|
    |pool_buff_val_1_V_0_fu_1786   |   16|   0|   16|          0|
    |pool_buff_val_200_V_fu_2582   |   16|   0|   16|          0|
    |pool_buff_val_201_V_fu_2586   |   16|   0|   16|          0|
    |pool_buff_val_202_V_fu_2590   |   16|   0|   16|          0|
    |pool_buff_val_203_V_fu_2594   |   16|   0|   16|          0|
    |pool_buff_val_204_V_fu_2598   |   16|   0|   16|          0|
    |pool_buff_val_205_V_fu_2602   |   16|   0|   16|          0|
    |pool_buff_val_206_V_fu_2606   |   16|   0|   16|          0|
    |pool_buff_val_207_V_fu_2610   |   16|   0|   16|          0|
    |pool_buff_val_208_V_fu_2614   |   16|   0|   16|          0|
    |pool_buff_val_209_V_fu_2618   |   16|   0|   16|          0|
    |pool_buff_val_20_V_s_fu_1862  |   16|   0|   16|          0|
    |pool_buff_val_210_V_fu_2622   |   16|   0|   16|          0|
    |pool_buff_val_211_V_fu_2626   |   16|   0|   16|          0|
    |pool_buff_val_212_V_fu_2630   |   16|   0|   16|          0|
    |pool_buff_val_213_V_fu_2634   |   16|   0|   16|          0|
    |pool_buff_val_214_V_fu_2638   |   16|   0|   16|          0|
    |pool_buff_val_215_V_fu_2642   |   16|   0|   16|          0|
    |pool_buff_val_216_V_fu_2646   |   16|   0|   16|          0|
    |pool_buff_val_217_V_fu_2650   |   16|   0|   16|          0|
    |pool_buff_val_218_V_fu_2654   |   16|   0|   16|          0|
    |pool_buff_val_219_V_fu_2658   |   16|   0|   16|          0|
    |pool_buff_val_21_V_s_fu_1866  |   16|   0|   16|          0|
    |pool_buff_val_220_V_fu_2662   |   16|   0|   16|          0|
    |pool_buff_val_221_V_fu_2666   |   16|   0|   16|          0|
    |pool_buff_val_222_V_fu_2670   |   16|   0|   16|          0|
    |pool_buff_val_223_V_fu_2674   |   16|   0|   16|          0|
    |pool_buff_val_224_V_fu_2678   |   16|   0|   16|          0|
    |pool_buff_val_225_V_fu_2682   |   16|   0|   16|          0|
    |pool_buff_val_226_V_fu_2686   |   16|   0|   16|          0|
    |pool_buff_val_227_V_fu_2690   |   16|   0|   16|          0|
    |pool_buff_val_228_V_fu_2694   |   16|   0|   16|          0|
    |pool_buff_val_229_V_fu_2698   |   16|   0|   16|          0|
    |pool_buff_val_22_V_s_fu_1870  |   16|   0|   16|          0|
    |pool_buff_val_230_V_fu_2702   |   16|   0|   16|          0|
    |pool_buff_val_231_V_fu_2706   |   16|   0|   16|          0|
    |pool_buff_val_232_V_fu_2710   |   16|   0|   16|          0|
    |pool_buff_val_233_V_fu_2714   |   16|   0|   16|          0|
    |pool_buff_val_234_V_fu_2718   |   16|   0|   16|          0|
    |pool_buff_val_235_V_fu_2722   |   16|   0|   16|          0|
    |pool_buff_val_236_V_fu_2726   |   16|   0|   16|          0|
    |pool_buff_val_237_V_fu_2730   |   16|   0|   16|          0|
    |pool_buff_val_238_V_fu_2734   |   16|   0|   16|          0|
    |pool_buff_val_239_V_fu_2738   |   16|   0|   16|          0|
    |pool_buff_val_23_V_s_fu_1874  |   16|   0|   16|          0|
    |pool_buff_val_240_V_fu_2742   |   16|   0|   16|          0|
    |pool_buff_val_241_V_fu_2746   |   16|   0|   16|          0|
    |pool_buff_val_242_V_fu_2750   |   16|   0|   16|          0|
    |pool_buff_val_243_V_fu_2754   |   16|   0|   16|          0|
    |pool_buff_val_244_V_fu_2758   |   16|   0|   16|          0|
    |pool_buff_val_245_V_fu_2762   |   16|   0|   16|          0|
    |pool_buff_val_246_V_fu_2766   |   16|   0|   16|          0|
    |pool_buff_val_247_V_fu_2770   |   16|   0|   16|          0|
    |pool_buff_val_248_V_fu_2774   |   16|   0|   16|          0|
    |pool_buff_val_249_V_fu_2778   |   16|   0|   16|          0|
    |pool_buff_val_24_V_s_fu_1878  |   16|   0|   16|          0|
    |pool_buff_val_250_V_fu_2782   |   16|   0|   16|          0|
    |pool_buff_val_251_V_fu_2786   |   16|   0|   16|          0|
    |pool_buff_val_252_V_fu_2790   |   16|   0|   16|          0|
    |pool_buff_val_253_V_fu_2794   |   16|   0|   16|          0|
    |pool_buff_val_254_V_fu_2798   |   16|   0|   16|          0|
    |pool_buff_val_255_V_fu_2802   |   16|   0|   16|          0|
    |pool_buff_val_256_V_fu_2806   |   16|   0|   16|          0|
    |pool_buff_val_257_V_fu_2810   |   16|   0|   16|          0|
    |pool_buff_val_258_V_fu_2814   |   16|   0|   16|          0|
    |pool_buff_val_259_V_fu_2818   |   16|   0|   16|          0|
    |pool_buff_val_25_V_s_fu_1882  |   16|   0|   16|          0|
    |pool_buff_val_260_V_fu_2822   |   16|   0|   16|          0|
    |pool_buff_val_261_V_fu_2826   |   16|   0|   16|          0|
    |pool_buff_val_262_V_fu_2830   |   16|   0|   16|          0|
    |pool_buff_val_263_V_fu_2834   |   16|   0|   16|          0|
    |pool_buff_val_264_V_fu_2838   |   16|   0|   16|          0|
    |pool_buff_val_265_V_fu_2842   |   16|   0|   16|          0|
    |pool_buff_val_266_V_fu_2846   |   16|   0|   16|          0|
    |pool_buff_val_267_V_fu_2850   |   16|   0|   16|          0|
    |pool_buff_val_268_V_fu_2854   |   16|   0|   16|          0|
    |pool_buff_val_269_V_fu_2858   |   16|   0|   16|          0|
    |pool_buff_val_26_V_s_fu_1886  |   16|   0|   16|          0|
    |pool_buff_val_270_V_fu_2862   |   16|   0|   16|          0|
    |pool_buff_val_271_V_fu_2866   |   16|   0|   16|          0|
    |pool_buff_val_272_V_fu_2870   |   16|   0|   16|          0|
    |pool_buff_val_273_V_fu_2874   |   16|   0|   16|          0|
    |pool_buff_val_274_V_fu_2878   |   16|   0|   16|          0|
    |pool_buff_val_275_V_fu_2882   |   16|   0|   16|          0|
    |pool_buff_val_276_V_fu_2886   |   16|   0|   16|          0|
    |pool_buff_val_277_V_fu_2890   |   16|   0|   16|          0|
    |pool_buff_val_278_V_fu_2894   |   16|   0|   16|          0|
    |pool_buff_val_279_V_fu_2898   |   16|   0|   16|          0|
    |pool_buff_val_27_V_s_fu_1890  |   16|   0|   16|          0|
    |pool_buff_val_280_V_fu_2902   |   16|   0|   16|          0|
    |pool_buff_val_281_V_fu_2906   |   16|   0|   16|          0|
    |pool_buff_val_282_V_fu_2910   |   16|   0|   16|          0|
    |pool_buff_val_283_V_fu_2914   |   16|   0|   16|          0|
    |pool_buff_val_284_V_fu_2918   |   16|   0|   16|          0|
    |pool_buff_val_285_V_fu_2922   |   16|   0|   16|          0|
    |pool_buff_val_286_V_fu_2926   |   16|   0|   16|          0|
    |pool_buff_val_287_V_fu_2930   |   16|   0|   16|          0|
    |pool_buff_val_288_V_fu_2934   |   16|   0|   16|          0|
    |pool_buff_val_289_V_fu_2938   |   16|   0|   16|          0|
    |pool_buff_val_28_V_s_fu_1894  |   16|   0|   16|          0|
    |pool_buff_val_290_V_fu_2942   |   16|   0|   16|          0|
    |pool_buff_val_291_V_fu_2946   |   16|   0|   16|          0|
    |pool_buff_val_292_V_fu_2950   |   16|   0|   16|          0|
    |pool_buff_val_293_V_fu_2954   |   16|   0|   16|          0|
    |pool_buff_val_294_V_fu_2958   |   16|   0|   16|          0|
    |pool_buff_val_295_V_fu_2962   |   16|   0|   16|          0|
    |pool_buff_val_296_V_fu_2966   |   16|   0|   16|          0|
    |pool_buff_val_297_V_fu_2970   |   16|   0|   16|          0|
    |pool_buff_val_298_V_fu_2974   |   16|   0|   16|          0|
    |pool_buff_val_299_V_fu_2978   |   16|   0|   16|          0|
    |pool_buff_val_29_V_s_fu_1898  |   16|   0|   16|          0|
    |pool_buff_val_2_V_0_fu_1790   |   16|   0|   16|          0|
    |pool_buff_val_300_V_fu_2982   |   16|   0|   16|          0|
    |pool_buff_val_301_V_fu_2986   |   16|   0|   16|          0|
    |pool_buff_val_302_V_fu_2990   |   16|   0|   16|          0|
    |pool_buff_val_303_V_fu_2994   |   16|   0|   16|          0|
    |pool_buff_val_304_V_fu_2998   |   16|   0|   16|          0|
    |pool_buff_val_305_V_fu_3002   |   16|   0|   16|          0|
    |pool_buff_val_306_V_fu_3006   |   16|   0|   16|          0|
    |pool_buff_val_307_V_fu_3010   |   16|   0|   16|          0|
    |pool_buff_val_308_V_fu_3014   |   16|   0|   16|          0|
    |pool_buff_val_309_V_fu_3018   |   16|   0|   16|          0|
    |pool_buff_val_30_V_s_fu_1902  |   16|   0|   16|          0|
    |pool_buff_val_310_V_fu_3022   |   16|   0|   16|          0|
    |pool_buff_val_311_V_fu_3026   |   16|   0|   16|          0|
    |pool_buff_val_312_V_fu_3030   |   16|   0|   16|          0|
    |pool_buff_val_313_V_fu_3034   |   16|   0|   16|          0|
    |pool_buff_val_314_V_fu_3038   |   16|   0|   16|          0|
    |pool_buff_val_315_V_fu_3042   |   16|   0|   16|          0|
    |pool_buff_val_316_V_fu_3046   |   16|   0|   16|          0|
    |pool_buff_val_317_V_fu_3050   |   16|   0|   16|          0|
    |pool_buff_val_318_V_fu_3054   |   16|   0|   16|          0|
    |pool_buff_val_319_V_fu_3058   |   16|   0|   16|          0|
    |pool_buff_val_31_V_s_fu_1906  |   16|   0|   16|          0|
    |pool_buff_val_320_V_fu_3062   |   16|   0|   16|          0|
    |pool_buff_val_321_V_fu_3066   |   16|   0|   16|          0|
    |pool_buff_val_322_V_fu_3070   |   16|   0|   16|          0|
    |pool_buff_val_323_V_fu_3074   |   16|   0|   16|          0|
    |pool_buff_val_324_V_fu_3078   |   16|   0|   16|          0|
    |pool_buff_val_325_V_fu_3082   |   16|   0|   16|          0|
    |pool_buff_val_326_V_fu_3086   |   16|   0|   16|          0|
    |pool_buff_val_327_V_fu_3090   |   16|   0|   16|          0|
    |pool_buff_val_328_V_fu_3094   |   16|   0|   16|          0|
    |pool_buff_val_329_V_fu_3098   |   16|   0|   16|          0|
    |pool_buff_val_32_V_s_fu_1910  |   16|   0|   16|          0|
    |pool_buff_val_330_V_fu_3102   |   16|   0|   16|          0|
    |pool_buff_val_331_V_fu_3106   |   16|   0|   16|          0|
    |pool_buff_val_332_V_fu_3110   |   16|   0|   16|          0|
    |pool_buff_val_333_V_fu_3114   |   16|   0|   16|          0|
    |pool_buff_val_334_V_fu_3118   |   16|   0|   16|          0|
    |pool_buff_val_335_V_fu_3122   |   16|   0|   16|          0|
    |pool_buff_val_336_V_fu_3126   |   16|   0|   16|          0|
    |pool_buff_val_337_V_fu_3130   |   16|   0|   16|          0|
    |pool_buff_val_338_V_fu_3134   |   16|   0|   16|          0|
    |pool_buff_val_339_V_fu_3138   |   16|   0|   16|          0|
    |pool_buff_val_33_V_s_fu_1914  |   16|   0|   16|          0|
    |pool_buff_val_340_V_fu_3142   |   16|   0|   16|          0|
    |pool_buff_val_341_V_fu_3146   |   16|   0|   16|          0|
    |pool_buff_val_342_V_fu_3150   |   16|   0|   16|          0|
    |pool_buff_val_343_V_fu_3154   |   16|   0|   16|          0|
    |pool_buff_val_344_V_fu_3158   |   16|   0|   16|          0|
    |pool_buff_val_345_V_fu_3162   |   16|   0|   16|          0|
    |pool_buff_val_346_V_fu_3166   |   16|   0|   16|          0|
    |pool_buff_val_347_V_fu_3170   |   16|   0|   16|          0|
    |pool_buff_val_348_V_fu_3174   |   16|   0|   16|          0|
    |pool_buff_val_349_V_fu_3178   |   16|   0|   16|          0|
    |pool_buff_val_34_V_s_fu_1918  |   16|   0|   16|          0|
    |pool_buff_val_350_V_fu_3182   |   16|   0|   16|          0|
    |pool_buff_val_351_V_fu_3186   |   16|   0|   16|          0|
    |pool_buff_val_352_V_fu_3190   |   16|   0|   16|          0|
    |pool_buff_val_353_V_fu_3194   |   16|   0|   16|          0|
    |pool_buff_val_354_V_fu_3198   |   16|   0|   16|          0|
    |pool_buff_val_355_V_fu_3202   |   16|   0|   16|          0|
    |pool_buff_val_356_V_fu_3206   |   16|   0|   16|          0|
    |pool_buff_val_357_V_fu_3210   |   16|   0|   16|          0|
    |pool_buff_val_358_V_fu_3214   |   16|   0|   16|          0|
    |pool_buff_val_359_V_fu_3218   |   16|   0|   16|          0|
    |pool_buff_val_35_V_s_fu_1922  |   16|   0|   16|          0|
    |pool_buff_val_360_V_fu_3222   |   16|   0|   16|          0|
    |pool_buff_val_361_V_fu_3226   |   16|   0|   16|          0|
    |pool_buff_val_362_V_fu_3230   |   16|   0|   16|          0|
    |pool_buff_val_363_V_fu_3234   |   16|   0|   16|          0|
    |pool_buff_val_364_V_fu_3238   |   16|   0|   16|          0|
    |pool_buff_val_365_V_fu_3242   |   16|   0|   16|          0|
    |pool_buff_val_366_V_fu_3246   |   16|   0|   16|          0|
    |pool_buff_val_367_V_fu_3250   |   16|   0|   16|          0|
    |pool_buff_val_368_V_fu_3254   |   16|   0|   16|          0|
    |pool_buff_val_369_V_fu_3258   |   16|   0|   16|          0|
    |pool_buff_val_36_V_s_fu_1926  |   16|   0|   16|          0|
    |pool_buff_val_370_V_fu_3262   |   16|   0|   16|          0|
    |pool_buff_val_371_V_fu_3266   |   16|   0|   16|          0|
    |pool_buff_val_372_V_fu_3270   |   16|   0|   16|          0|
    |pool_buff_val_373_V_fu_3274   |   16|   0|   16|          0|
    |pool_buff_val_374_V_fu_3278   |   16|   0|   16|          0|
    |pool_buff_val_375_V_fu_3282   |   16|   0|   16|          0|
    |pool_buff_val_376_V_fu_3286   |   16|   0|   16|          0|
    |pool_buff_val_377_V_fu_3290   |   16|   0|   16|          0|
    |pool_buff_val_378_V_fu_3294   |   16|   0|   16|          0|
    |pool_buff_val_379_V_fu_3298   |   16|   0|   16|          0|
    |pool_buff_val_37_V_s_fu_1930  |   16|   0|   16|          0|
    |pool_buff_val_380_V_fu_3302   |   16|   0|   16|          0|
    |pool_buff_val_381_V_fu_3306   |   16|   0|   16|          0|
    |pool_buff_val_382_V_fu_3310   |   16|   0|   16|          0|
    |pool_buff_val_383_V_fu_3314   |   16|   0|   16|          0|
    |pool_buff_val_384_V_fu_3318   |   16|   0|   16|          0|
    |pool_buff_val_385_V_fu_3322   |   16|   0|   16|          0|
    |pool_buff_val_386_V_fu_3326   |   16|   0|   16|          0|
    |pool_buff_val_387_V_fu_3330   |   16|   0|   16|          0|
    |pool_buff_val_388_V_fu_3334   |   16|   0|   16|          0|
    |pool_buff_val_389_V_fu_3338   |   16|   0|   16|          0|
    |pool_buff_val_38_V_s_fu_1934  |   16|   0|   16|          0|
    |pool_buff_val_390_V_fu_3342   |   16|   0|   16|          0|
    |pool_buff_val_391_V_fu_3346   |   16|   0|   16|          0|
    |pool_buff_val_392_V_fu_3350   |   16|   0|   16|          0|
    |pool_buff_val_393_V_fu_3354   |   16|   0|   16|          0|
    |pool_buff_val_394_V_fu_3358   |   16|   0|   16|          0|
    |pool_buff_val_395_V_fu_3362   |   16|   0|   16|          0|
    |pool_buff_val_396_V_fu_3366   |   16|   0|   16|          0|
    |pool_buff_val_397_V_fu_3370   |   16|   0|   16|          0|
    |pool_buff_val_398_V_fu_3374   |   16|   0|   16|          0|
    |pool_buff_val_399_V_fu_3378   |   16|   0|   16|          0|
    |pool_buff_val_39_V_s_fu_1938  |   16|   0|   16|          0|
    |pool_buff_val_3_V_0_fu_1794   |   16|   0|   16|          0|
    |pool_buff_val_400_V_fu_3382   |   16|   0|   16|          0|
    |pool_buff_val_401_V_fu_3386   |   16|   0|   16|          0|
    |pool_buff_val_402_V_fu_3390   |   16|   0|   16|          0|
    |pool_buff_val_403_V_fu_3394   |   16|   0|   16|          0|
    |pool_buff_val_404_V_fu_3398   |   16|   0|   16|          0|
    |pool_buff_val_405_V_fu_3402   |   16|   0|   16|          0|
    |pool_buff_val_406_V_fu_3406   |   16|   0|   16|          0|
    |pool_buff_val_407_V_fu_3410   |   16|   0|   16|          0|
    |pool_buff_val_408_V_fu_3414   |   16|   0|   16|          0|
    |pool_buff_val_409_V_fu_3418   |   16|   0|   16|          0|
    |pool_buff_val_40_V_s_fu_1942  |   16|   0|   16|          0|
    |pool_buff_val_410_V_fu_3422   |   16|   0|   16|          0|
    |pool_buff_val_411_V_fu_3426   |   16|   0|   16|          0|
    |pool_buff_val_412_V_fu_3430   |   16|   0|   16|          0|
    |pool_buff_val_413_V_fu_3434   |   16|   0|   16|          0|
    |pool_buff_val_414_V_fu_3438   |   16|   0|   16|          0|
    |pool_buff_val_415_V_fu_3442   |   16|   0|   16|          0|
    |pool_buff_val_416_V_fu_3446   |   16|   0|   16|          0|
    |pool_buff_val_417_V_fu_3450   |   16|   0|   16|          0|
    |pool_buff_val_418_V_fu_3454   |   16|   0|   16|          0|
    |pool_buff_val_419_V_fu_3458   |   16|   0|   16|          0|
    |pool_buff_val_41_V_s_fu_1946  |   16|   0|   16|          0|
    |pool_buff_val_420_V_fu_3462   |   16|   0|   16|          0|
    |pool_buff_val_421_V_fu_3466   |   16|   0|   16|          0|
    |pool_buff_val_422_V_fu_3470   |   16|   0|   16|          0|
    |pool_buff_val_423_V_fu_3474   |   16|   0|   16|          0|
    |pool_buff_val_424_V_fu_3478   |   16|   0|   16|          0|
    |pool_buff_val_425_V_fu_3482   |   16|   0|   16|          0|
    |pool_buff_val_426_V_fu_3486   |   16|   0|   16|          0|
    |pool_buff_val_427_V_fu_3490   |   16|   0|   16|          0|
    |pool_buff_val_428_V_fu_3494   |   16|   0|   16|          0|
    |pool_buff_val_429_V_fu_3498   |   16|   0|   16|          0|
    |pool_buff_val_42_V_s_fu_1950  |   16|   0|   16|          0|
    |pool_buff_val_430_V_fu_3502   |   16|   0|   16|          0|
    |pool_buff_val_431_V_fu_3506   |   16|   0|   16|          0|
    |pool_buff_val_432_V_fu_3510   |   16|   0|   16|          0|
    |pool_buff_val_433_V_fu_3514   |   16|   0|   16|          0|
    |pool_buff_val_434_V_fu_3518   |   16|   0|   16|          0|
    |pool_buff_val_435_V_fu_3522   |   16|   0|   16|          0|
    |pool_buff_val_436_V_fu_3526   |   16|   0|   16|          0|
    |pool_buff_val_437_V_fu_3530   |   16|   0|   16|          0|
    |pool_buff_val_438_V_fu_3534   |   16|   0|   16|          0|
    |pool_buff_val_439_V_fu_3538   |   16|   0|   16|          0|
    |pool_buff_val_43_V_s_fu_1954  |   16|   0|   16|          0|
    |pool_buff_val_440_V_fu_3542   |   16|   0|   16|          0|
    |pool_buff_val_441_V_fu_3546   |   16|   0|   16|          0|
    |pool_buff_val_442_V_fu_3550   |   16|   0|   16|          0|
    |pool_buff_val_443_V_fu_3554   |   16|   0|   16|          0|
    |pool_buff_val_444_V_fu_3558   |   16|   0|   16|          0|
    |pool_buff_val_445_V_fu_3562   |   16|   0|   16|          0|
    |pool_buff_val_446_V_fu_3566   |   16|   0|   16|          0|
    |pool_buff_val_447_V_fu_3570   |   16|   0|   16|          0|
    |pool_buff_val_448_V_fu_3574   |   16|   0|   16|          0|
    |pool_buff_val_449_V_fu_3578   |   16|   0|   16|          0|
    |pool_buff_val_44_V_s_fu_1958  |   16|   0|   16|          0|
    |pool_buff_val_450_V_fu_3582   |   16|   0|   16|          0|
    |pool_buff_val_451_V_fu_3586   |   16|   0|   16|          0|
    |pool_buff_val_452_V_fu_3590   |   16|   0|   16|          0|
    |pool_buff_val_453_V_fu_3594   |   16|   0|   16|          0|
    |pool_buff_val_454_V_fu_3598   |   16|   0|   16|          0|
    |pool_buff_val_455_V_fu_3602   |   16|   0|   16|          0|
    |pool_buff_val_456_V_fu_3606   |   16|   0|   16|          0|
    |pool_buff_val_457_V_fu_3610   |   16|   0|   16|          0|
    |pool_buff_val_458_V_fu_3614   |   16|   0|   16|          0|
    |pool_buff_val_459_V_fu_3618   |   16|   0|   16|          0|
    |pool_buff_val_45_V_s_fu_1962  |   16|   0|   16|          0|
    |pool_buff_val_460_V_fu_3622   |   16|   0|   16|          0|
    |pool_buff_val_461_V_fu_3626   |   16|   0|   16|          0|
    |pool_buff_val_462_V_fu_3630   |   16|   0|   16|          0|
    |pool_buff_val_463_V_fu_3634   |   16|   0|   16|          0|
    |pool_buff_val_464_V_fu_3638   |   16|   0|   16|          0|
    |pool_buff_val_465_V_fu_3642   |   16|   0|   16|          0|
    |pool_buff_val_466_V_fu_3646   |   16|   0|   16|          0|
    |pool_buff_val_467_V_fu_3650   |   16|   0|   16|          0|
    |pool_buff_val_468_V_fu_3654   |   16|   0|   16|          0|
    |pool_buff_val_469_V_fu_3658   |   16|   0|   16|          0|
    |pool_buff_val_46_V_s_fu_1966  |   16|   0|   16|          0|
    |pool_buff_val_470_V_fu_3662   |   16|   0|   16|          0|
    |pool_buff_val_471_V_fu_3666   |   16|   0|   16|          0|
    |pool_buff_val_472_V_fu_3670   |   16|   0|   16|          0|
    |pool_buff_val_473_V_fu_3674   |   16|   0|   16|          0|
    |pool_buff_val_474_V_fu_3678   |   16|   0|   16|          0|
    |pool_buff_val_475_V_fu_3682   |   16|   0|   16|          0|
    |pool_buff_val_476_V_fu_3686   |   16|   0|   16|          0|
    |pool_buff_val_477_V_fu_3690   |   16|   0|   16|          0|
    |pool_buff_val_478_V_fu_3694   |   16|   0|   16|          0|
    |pool_buff_val_479_V_fu_3698   |   16|   0|   16|          0|
    |pool_buff_val_47_V_s_fu_1970  |   16|   0|   16|          0|
    |pool_buff_val_480_V_fu_3702   |   16|   0|   16|          0|
    |pool_buff_val_481_V_fu_3706   |   16|   0|   16|          0|
    |pool_buff_val_482_V_fu_3710   |   16|   0|   16|          0|
    |pool_buff_val_483_V_fu_3714   |   16|   0|   16|          0|
    |pool_buff_val_484_V_fu_3718   |   16|   0|   16|          0|
    |pool_buff_val_485_V_fu_3722   |   16|   0|   16|          0|
    |pool_buff_val_486_V_fu_3726   |   16|   0|   16|          0|
    |pool_buff_val_487_V_fu_3730   |   16|   0|   16|          0|
    |pool_buff_val_488_V_fu_3734   |   16|   0|   16|          0|
    |pool_buff_val_489_V_fu_3738   |   16|   0|   16|          0|
    |pool_buff_val_48_V_s_fu_1974  |   16|   0|   16|          0|
    |pool_buff_val_490_V_fu_3742   |   16|   0|   16|          0|
    |pool_buff_val_491_V_fu_3746   |   16|   0|   16|          0|
    |pool_buff_val_492_V_fu_3750   |   16|   0|   16|          0|
    |pool_buff_val_493_V_fu_3754   |   16|   0|   16|          0|
    |pool_buff_val_494_V_fu_3758   |   16|   0|   16|          0|
    |pool_buff_val_495_V_fu_3762   |   16|   0|   16|          0|
    |pool_buff_val_496_V_fu_3766   |   16|   0|   16|          0|
    |pool_buff_val_497_V_fu_3770   |   16|   0|   16|          0|
    |pool_buff_val_498_V_fu_3774   |   16|   0|   16|          0|
    |pool_buff_val_499_V_fu_3778   |   16|   0|   16|          0|
    |pool_buff_val_49_V_s_fu_1978  |   16|   0|   16|          0|
    |pool_buff_val_4_V_0_fu_1798   |   16|   0|   16|          0|
    |pool_buff_val_500_V_fu_3782   |   16|   0|   16|          0|
    |pool_buff_val_501_V_fu_3786   |   16|   0|   16|          0|
    |pool_buff_val_502_V_fu_3790   |   16|   0|   16|          0|
    |pool_buff_val_503_V_fu_3794   |   16|   0|   16|          0|
    |pool_buff_val_504_V_fu_3798   |   16|   0|   16|          0|
    |pool_buff_val_505_V_fu_3802   |   16|   0|   16|          0|
    |pool_buff_val_506_V_fu_3806   |   16|   0|   16|          0|
    |pool_buff_val_507_V_fu_3810   |   16|   0|   16|          0|
    |pool_buff_val_508_V_fu_3814   |   16|   0|   16|          0|
    |pool_buff_val_509_V_fu_3818   |   16|   0|   16|          0|
    |pool_buff_val_50_V_s_fu_1982  |   16|   0|   16|          0|
    |pool_buff_val_510_V_fu_3822   |   16|   0|   16|          0|
    |pool_buff_val_511_V_fu_3826   |   16|   0|   16|          0|
    |pool_buff_val_512_V_fu_3830   |   16|   0|   16|          0|
    |pool_buff_val_513_V_fu_3834   |   16|   0|   16|          0|
    |pool_buff_val_514_V_fu_3838   |   16|   0|   16|          0|
    |pool_buff_val_515_V_fu_3842   |   16|   0|   16|          0|
    |pool_buff_val_516_V_fu_3846   |   16|   0|   16|          0|
    |pool_buff_val_517_V_fu_3850   |   16|   0|   16|          0|
    |pool_buff_val_518_V_fu_3854   |   16|   0|   16|          0|
    |pool_buff_val_519_V_fu_3858   |   16|   0|   16|          0|
    |pool_buff_val_51_V_s_fu_1986  |   16|   0|   16|          0|
    |pool_buff_val_520_V_fu_3862   |   16|   0|   16|          0|
    |pool_buff_val_521_V_fu_3866   |   16|   0|   16|          0|
    |pool_buff_val_522_V_fu_3870   |   16|   0|   16|          0|
    |pool_buff_val_523_V_fu_3874   |   16|   0|   16|          0|
    |pool_buff_val_524_V_fu_3878   |   16|   0|   16|          0|
    |pool_buff_val_525_V_fu_3882   |   16|   0|   16|          0|
    |pool_buff_val_526_V_fu_3886   |   16|   0|   16|          0|
    |pool_buff_val_527_V_fu_3890   |   16|   0|   16|          0|
    |pool_buff_val_528_V_fu_3894   |   16|   0|   16|          0|
    |pool_buff_val_529_V_fu_3898   |   16|   0|   16|          0|
    |pool_buff_val_52_V_s_fu_1990  |   16|   0|   16|          0|
    |pool_buff_val_530_V_fu_3902   |   16|   0|   16|          0|
    |pool_buff_val_531_V_fu_3906   |   16|   0|   16|          0|
    |pool_buff_val_532_V_fu_3910   |   16|   0|   16|          0|
    |pool_buff_val_533_V_fu_3914   |   16|   0|   16|          0|
    |pool_buff_val_534_V_fu_3918   |   16|   0|   16|          0|
    |pool_buff_val_535_V_fu_3922   |   16|   0|   16|          0|
    |pool_buff_val_536_V_fu_3926   |   16|   0|   16|          0|
    |pool_buff_val_537_V_fu_3930   |   16|   0|   16|          0|
    |pool_buff_val_538_V_fu_3934   |   16|   0|   16|          0|
    |pool_buff_val_539_V_fu_3938   |   16|   0|   16|          0|
    |pool_buff_val_53_V_s_fu_1994  |   16|   0|   16|          0|
    |pool_buff_val_540_V_fu_3942   |   16|   0|   16|          0|
    |pool_buff_val_541_V_fu_3946   |   16|   0|   16|          0|
    |pool_buff_val_542_V_fu_3950   |   16|   0|   16|          0|
    |pool_buff_val_543_V_fu_3954   |   16|   0|   16|          0|
    |pool_buff_val_544_V_fu_3958   |   16|   0|   16|          0|
    |pool_buff_val_545_V_fu_3962   |   16|   0|   16|          0|
    |pool_buff_val_546_V_fu_3966   |   16|   0|   16|          0|
    |pool_buff_val_547_V_fu_3970   |   16|   0|   16|          0|
    |pool_buff_val_548_V_fu_3974   |   16|   0|   16|          0|
    |pool_buff_val_549_V_fu_3978   |   16|   0|   16|          0|
    |pool_buff_val_54_V_s_fu_1998  |   16|   0|   16|          0|
    |pool_buff_val_550_V_fu_3982   |   16|   0|   16|          0|
    |pool_buff_val_551_V_fu_3986   |   16|   0|   16|          0|
    |pool_buff_val_552_V_fu_3990   |   16|   0|   16|          0|
    |pool_buff_val_553_V_fu_3994   |   16|   0|   16|          0|
    |pool_buff_val_554_V_fu_3998   |   16|   0|   16|          0|
    |pool_buff_val_555_V_fu_4002   |   16|   0|   16|          0|
    |pool_buff_val_556_V_fu_4006   |   16|   0|   16|          0|
    |pool_buff_val_557_V_fu_4010   |   16|   0|   16|          0|
    |pool_buff_val_558_V_fu_4014   |   16|   0|   16|          0|
    |pool_buff_val_559_V_fu_4018   |   16|   0|   16|          0|
    |pool_buff_val_55_V_s_fu_2002  |   16|   0|   16|          0|
    |pool_buff_val_560_V_fu_4022   |   16|   0|   16|          0|
    |pool_buff_val_561_V_fu_4026   |   16|   0|   16|          0|
    |pool_buff_val_562_V_fu_4030   |   16|   0|   16|          0|
    |pool_buff_val_563_V_fu_4034   |   16|   0|   16|          0|
    |pool_buff_val_564_V_fu_4038   |   16|   0|   16|          0|
    |pool_buff_val_565_V_fu_4042   |   16|   0|   16|          0|
    |pool_buff_val_566_V_fu_4046   |   16|   0|   16|          0|
    |pool_buff_val_567_V_fu_4050   |   16|   0|   16|          0|
    |pool_buff_val_568_V_fu_4054   |   16|   0|   16|          0|
    |pool_buff_val_569_V_fu_4058   |   16|   0|   16|          0|
    |pool_buff_val_56_V_s_fu_2006  |   16|   0|   16|          0|
    |pool_buff_val_570_V_fu_4062   |   16|   0|   16|          0|
    |pool_buff_val_571_V_fu_4066   |   16|   0|   16|          0|
    |pool_buff_val_572_V_fu_4070   |   16|   0|   16|          0|
    |pool_buff_val_573_V_fu_4074   |   16|   0|   16|          0|
    |pool_buff_val_574_V_fu_4078   |   16|   0|   16|          0|
    |pool_buff_val_575_V_fu_4082   |   16|   0|   16|          0|
    |pool_buff_val_576_V_fu_4086   |   16|   0|   16|          0|
    |pool_buff_val_577_V_fu_4090   |   16|   0|   16|          0|
    |pool_buff_val_578_V_fu_4094   |   16|   0|   16|          0|
    |pool_buff_val_579_V_fu_4098   |   16|   0|   16|          0|
    |pool_buff_val_57_V_s_fu_2010  |   16|   0|   16|          0|
    |pool_buff_val_580_V_fu_4102   |   16|   0|   16|          0|
    |pool_buff_val_581_V_fu_4106   |   16|   0|   16|          0|
    |pool_buff_val_582_V_fu_4110   |   16|   0|   16|          0|
    |pool_buff_val_583_V_fu_4114   |   16|   0|   16|          0|
    |pool_buff_val_584_V_fu_4118   |   16|   0|   16|          0|
    |pool_buff_val_585_V_fu_4122   |   16|   0|   16|          0|
    |pool_buff_val_586_V_fu_4126   |   16|   0|   16|          0|
    |pool_buff_val_587_V_fu_4130   |   16|   0|   16|          0|
    |pool_buff_val_588_V_fu_4134   |   16|   0|   16|          0|
    |pool_buff_val_589_V_fu_4138   |   16|   0|   16|          0|
    |pool_buff_val_58_V_s_fu_2014  |   16|   0|   16|          0|
    |pool_buff_val_590_V_fu_4142   |   16|   0|   16|          0|
    |pool_buff_val_591_V_fu_4146   |   16|   0|   16|          0|
    |pool_buff_val_592_V_fu_4150   |   16|   0|   16|          0|
    |pool_buff_val_593_V_fu_4154   |   16|   0|   16|          0|
    |pool_buff_val_594_V_fu_4158   |   16|   0|   16|          0|
    |pool_buff_val_595_V_fu_4162   |   16|   0|   16|          0|
    |pool_buff_val_596_V_fu_4166   |   16|   0|   16|          0|
    |pool_buff_val_597_V_fu_4170   |   16|   0|   16|          0|
    |pool_buff_val_598_V_fu_4174   |   16|   0|   16|          0|
    |pool_buff_val_599_V_fu_4178   |   16|   0|   16|          0|
    |pool_buff_val_59_V_s_fu_2018  |   16|   0|   16|          0|
    |pool_buff_val_5_V_0_fu_1802   |   16|   0|   16|          0|
    |pool_buff_val_600_V_fu_4182   |   16|   0|   16|          0|
    |pool_buff_val_601_V_fu_4186   |   16|   0|   16|          0|
    |pool_buff_val_602_V_fu_4190   |   16|   0|   16|          0|
    |pool_buff_val_603_V_fu_4194   |   16|   0|   16|          0|
    |pool_buff_val_604_V_fu_4198   |   16|   0|   16|          0|
    |pool_buff_val_605_V_fu_4202   |   16|   0|   16|          0|
    |pool_buff_val_606_V_fu_4206   |   16|   0|   16|          0|
    |pool_buff_val_607_V_fu_4210   |   16|   0|   16|          0|
    |pool_buff_val_608_V_fu_4214   |   16|   0|   16|          0|
    |pool_buff_val_609_V_fu_4218   |   16|   0|   16|          0|
    |pool_buff_val_60_V_s_fu_2022  |   16|   0|   16|          0|
    |pool_buff_val_610_V_fu_4222   |   16|   0|   16|          0|
    |pool_buff_val_611_V_fu_4226   |   16|   0|   16|          0|
    |pool_buff_val_612_V_fu_4230   |   16|   0|   16|          0|
    |pool_buff_val_613_V_fu_4234   |   16|   0|   16|          0|
    |pool_buff_val_614_V_fu_4238   |   16|   0|   16|          0|
    |pool_buff_val_615_V_fu_4242   |   16|   0|   16|          0|
    |pool_buff_val_616_V_fu_4246   |   16|   0|   16|          0|
    |pool_buff_val_617_V_fu_4250   |   16|   0|   16|          0|
    |pool_buff_val_618_V_fu_4254   |   16|   0|   16|          0|
    |pool_buff_val_619_V_fu_4258   |   16|   0|   16|          0|
    |pool_buff_val_61_V_s_fu_2026  |   16|   0|   16|          0|
    |pool_buff_val_620_V_fu_4262   |   16|   0|   16|          0|
    |pool_buff_val_621_V_fu_4266   |   16|   0|   16|          0|
    |pool_buff_val_622_V_fu_4270   |   16|   0|   16|          0|
    |pool_buff_val_623_V_fu_4274   |   16|   0|   16|          0|
    |pool_buff_val_624_V_fu_4278   |   16|   0|   16|          0|
    |pool_buff_val_625_V_fu_4282   |   16|   0|   16|          0|
    |pool_buff_val_626_V_fu_4286   |   16|   0|   16|          0|
    |pool_buff_val_627_V_fu_4290   |   16|   0|   16|          0|
    |pool_buff_val_628_V_fu_4294   |   16|   0|   16|          0|
    |pool_buff_val_629_V_fu_4298   |   16|   0|   16|          0|
    |pool_buff_val_62_V_s_fu_2030  |   16|   0|   16|          0|
    |pool_buff_val_630_V_fu_4302   |   16|   0|   16|          0|
    |pool_buff_val_631_V_fu_4306   |   16|   0|   16|          0|
    |pool_buff_val_632_V_fu_4310   |   16|   0|   16|          0|
    |pool_buff_val_633_V_fu_4314   |   16|   0|   16|          0|
    |pool_buff_val_634_V_fu_4318   |   16|   0|   16|          0|
    |pool_buff_val_635_V_fu_4322   |   16|   0|   16|          0|
    |pool_buff_val_636_V_fu_4326   |   16|   0|   16|          0|
    |pool_buff_val_637_V_fu_4330   |   16|   0|   16|          0|
    |pool_buff_val_638_V_fu_4334   |   16|   0|   16|          0|
    |pool_buff_val_639_V_fu_4338   |   16|   0|   16|          0|
    |pool_buff_val_63_V_s_fu_2034  |   16|   0|   16|          0|
    |pool_buff_val_640_V_fu_4342   |   16|   0|   16|          0|
    |pool_buff_val_641_V_fu_4346   |   16|   0|   16|          0|
    |pool_buff_val_642_V_fu_4350   |   16|   0|   16|          0|
    |pool_buff_val_643_V_fu_4354   |   16|   0|   16|          0|
    |pool_buff_val_644_V_fu_4358   |   16|   0|   16|          0|
    |pool_buff_val_645_V_fu_4362   |   16|   0|   16|          0|
    |pool_buff_val_646_V_fu_4366   |   16|   0|   16|          0|
    |pool_buff_val_647_V_fu_4370   |   16|   0|   16|          0|
    |pool_buff_val_648_V_fu_4374   |   16|   0|   16|          0|
    |pool_buff_val_649_V_fu_4378   |   16|   0|   16|          0|
    |pool_buff_val_64_V_s_fu_2038  |   16|   0|   16|          0|
    |pool_buff_val_650_V_fu_4382   |   16|   0|   16|          0|
    |pool_buff_val_651_V_fu_4386   |   16|   0|   16|          0|
    |pool_buff_val_652_V_fu_4390   |   16|   0|   16|          0|
    |pool_buff_val_653_V_fu_4394   |   16|   0|   16|          0|
    |pool_buff_val_654_V_fu_4398   |   16|   0|   16|          0|
    |pool_buff_val_655_V_fu_4402   |   16|   0|   16|          0|
    |pool_buff_val_656_V_fu_4406   |   16|   0|   16|          0|
    |pool_buff_val_657_V_fu_4410   |   16|   0|   16|          0|
    |pool_buff_val_658_V_fu_4414   |   16|   0|   16|          0|
    |pool_buff_val_659_V_fu_4418   |   16|   0|   16|          0|
    |pool_buff_val_65_V_s_fu_2042  |   16|   0|   16|          0|
    |pool_buff_val_660_V_fu_4422   |   16|   0|   16|          0|
    |pool_buff_val_661_V_fu_4426   |   16|   0|   16|          0|
    |pool_buff_val_662_V_fu_4430   |   16|   0|   16|          0|
    |pool_buff_val_663_V_fu_4434   |   16|   0|   16|          0|
    |pool_buff_val_664_V_fu_4438   |   16|   0|   16|          0|
    |pool_buff_val_665_V_fu_4442   |   16|   0|   16|          0|
    |pool_buff_val_666_V_fu_4446   |   16|   0|   16|          0|
    |pool_buff_val_667_V_fu_4450   |   16|   0|   16|          0|
    |pool_buff_val_668_V_fu_4454   |   16|   0|   16|          0|
    |pool_buff_val_669_V_fu_4458   |   16|   0|   16|          0|
    |pool_buff_val_66_V_s_fu_2046  |   16|   0|   16|          0|
    |pool_buff_val_670_V_fu_4462   |   16|   0|   16|          0|
    |pool_buff_val_671_V_fu_4466   |   16|   0|   16|          0|
    |pool_buff_val_672_V_fu_4470   |   16|   0|   16|          0|
    |pool_buff_val_673_V_fu_4474   |   16|   0|   16|          0|
    |pool_buff_val_674_V_fu_4478   |   16|   0|   16|          0|
    |pool_buff_val_675_V_fu_4482   |   16|   0|   16|          0|
    |pool_buff_val_676_V_fu_4486   |   16|   0|   16|          0|
    |pool_buff_val_677_V_fu_4490   |   16|   0|   16|          0|
    |pool_buff_val_678_V_fu_4494   |   16|   0|   16|          0|
    |pool_buff_val_679_V_fu_4498   |   16|   0|   16|          0|
    |pool_buff_val_67_V_s_fu_2050  |   16|   0|   16|          0|
    |pool_buff_val_680_V_fu_4502   |   16|   0|   16|          0|
    |pool_buff_val_681_V_fu_4506   |   16|   0|   16|          0|
    |pool_buff_val_682_V_fu_4510   |   16|   0|   16|          0|
    |pool_buff_val_683_V_fu_4514   |   16|   0|   16|          0|
    |pool_buff_val_684_V_fu_4518   |   16|   0|   16|          0|
    |pool_buff_val_685_V_fu_4522   |   16|   0|   16|          0|
    |pool_buff_val_686_V_fu_4526   |   16|   0|   16|          0|
    |pool_buff_val_687_V_fu_4530   |   16|   0|   16|          0|
    |pool_buff_val_688_V_fu_4534   |   16|   0|   16|          0|
    |pool_buff_val_689_V_fu_4538   |   16|   0|   16|          0|
    |pool_buff_val_68_V_s_fu_2054  |   16|   0|   16|          0|
    |pool_buff_val_690_V_fu_4542   |   16|   0|   16|          0|
    |pool_buff_val_691_V_fu_4546   |   16|   0|   16|          0|
    |pool_buff_val_692_V_fu_4550   |   16|   0|   16|          0|
    |pool_buff_val_693_V_fu_4554   |   16|   0|   16|          0|
    |pool_buff_val_694_V_fu_4558   |   16|   0|   16|          0|
    |pool_buff_val_695_V_fu_4562   |   16|   0|   16|          0|
    |pool_buff_val_696_V_fu_4566   |   16|   0|   16|          0|
    |pool_buff_val_697_V_fu_4570   |   16|   0|   16|          0|
    |pool_buff_val_698_V_fu_4574   |   16|   0|   16|          0|
    |pool_buff_val_699_V_fu_4578   |   16|   0|   16|          0|
    |pool_buff_val_69_V_s_fu_2058  |   16|   0|   16|          0|
    |pool_buff_val_6_V_0_fu_1806   |   16|   0|   16|          0|
    |pool_buff_val_700_V_fu_4582   |   16|   0|   16|          0|
    |pool_buff_val_701_V_fu_4586   |   16|   0|   16|          0|
    |pool_buff_val_702_V_fu_4590   |   16|   0|   16|          0|
    |pool_buff_val_703_V_fu_4594   |   16|   0|   16|          0|
    |pool_buff_val_704_V_fu_4598   |   16|   0|   16|          0|
    |pool_buff_val_705_V_fu_4602   |   16|   0|   16|          0|
    |pool_buff_val_706_V_fu_4606   |   16|   0|   16|          0|
    |pool_buff_val_707_V_fu_4610   |   16|   0|   16|          0|
    |pool_buff_val_708_V_fu_4614   |   16|   0|   16|          0|
    |pool_buff_val_709_V_fu_4618   |   16|   0|   16|          0|
    |pool_buff_val_70_V_s_fu_2062  |   16|   0|   16|          0|
    |pool_buff_val_710_V_fu_4622   |   16|   0|   16|          0|
    |pool_buff_val_711_V_fu_4626   |   16|   0|   16|          0|
    |pool_buff_val_712_V_fu_4630   |   16|   0|   16|          0|
    |pool_buff_val_713_V_fu_4634   |   16|   0|   16|          0|
    |pool_buff_val_714_V_fu_4638   |   16|   0|   16|          0|
    |pool_buff_val_715_V_fu_4642   |   16|   0|   16|          0|
    |pool_buff_val_716_V_fu_4646   |   16|   0|   16|          0|
    |pool_buff_val_717_V_fu_4650   |   16|   0|   16|          0|
    |pool_buff_val_718_V_fu_4654   |   16|   0|   16|          0|
    |pool_buff_val_719_V_fu_4658   |   16|   0|   16|          0|
    |pool_buff_val_71_V_s_fu_2066  |   16|   0|   16|          0|
    |pool_buff_val_720_V_fu_4662   |   16|   0|   16|          0|
    |pool_buff_val_721_V_fu_4666   |   16|   0|   16|          0|
    |pool_buff_val_722_V_fu_4670   |   16|   0|   16|          0|
    |pool_buff_val_723_V_fu_4674   |   16|   0|   16|          0|
    |pool_buff_val_724_V_fu_4678   |   16|   0|   16|          0|
    |pool_buff_val_725_V_fu_4682   |   16|   0|   16|          0|
    |pool_buff_val_726_V_fu_4686   |   16|   0|   16|          0|
    |pool_buff_val_727_V_fu_4690   |   16|   0|   16|          0|
    |pool_buff_val_728_V_fu_4694   |   16|   0|   16|          0|
    |pool_buff_val_729_V_fu_4698   |   16|   0|   16|          0|
    |pool_buff_val_72_V_s_fu_2070  |   16|   0|   16|          0|
    |pool_buff_val_730_V_fu_4702   |   16|   0|   16|          0|
    |pool_buff_val_731_V_fu_4706   |   16|   0|   16|          0|
    |pool_buff_val_732_V_fu_4710   |   16|   0|   16|          0|
    |pool_buff_val_733_V_fu_4714   |   16|   0|   16|          0|
    |pool_buff_val_734_V_fu_4718   |   16|   0|   16|          0|
    |pool_buff_val_735_V_fu_4722   |   16|   0|   16|          0|
    |pool_buff_val_736_V_fu_4726   |   16|   0|   16|          0|
    |pool_buff_val_737_V_fu_4730   |   16|   0|   16|          0|
    |pool_buff_val_738_V_fu_4734   |   16|   0|   16|          0|
    |pool_buff_val_739_V_fu_4738   |   16|   0|   16|          0|
    |pool_buff_val_73_V_s_fu_2074  |   16|   0|   16|          0|
    |pool_buff_val_740_V_fu_4742   |   16|   0|   16|          0|
    |pool_buff_val_741_V_fu_4746   |   16|   0|   16|          0|
    |pool_buff_val_742_V_fu_4750   |   16|   0|   16|          0|
    |pool_buff_val_743_V_fu_4754   |   16|   0|   16|          0|
    |pool_buff_val_744_V_fu_4758   |   16|   0|   16|          0|
    |pool_buff_val_745_V_fu_4762   |   16|   0|   16|          0|
    |pool_buff_val_746_V_fu_4766   |   16|   0|   16|          0|
    |pool_buff_val_747_V_fu_4770   |   16|   0|   16|          0|
    |pool_buff_val_748_V_fu_4774   |   16|   0|   16|          0|
    |pool_buff_val_749_V_fu_4778   |   16|   0|   16|          0|
    |pool_buff_val_74_V_s_fu_2078  |   16|   0|   16|          0|
    |pool_buff_val_750_V_fu_4782   |   16|   0|   16|          0|
    |pool_buff_val_751_V_fu_4786   |   16|   0|   16|          0|
    |pool_buff_val_752_V_fu_4790   |   16|   0|   16|          0|
    |pool_buff_val_753_V_fu_4794   |   16|   0|   16|          0|
    |pool_buff_val_754_V_fu_4798   |   16|   0|   16|          0|
    |pool_buff_val_755_V_fu_4802   |   16|   0|   16|          0|
    |pool_buff_val_756_V_fu_4806   |   16|   0|   16|          0|
    |pool_buff_val_757_V_fu_4810   |   16|   0|   16|          0|
    |pool_buff_val_758_V_fu_4814   |   16|   0|   16|          0|
    |pool_buff_val_759_V_fu_4818   |   16|   0|   16|          0|
    |pool_buff_val_75_V_s_fu_2082  |   16|   0|   16|          0|
    |pool_buff_val_760_V_fu_4822   |   16|   0|   16|          0|
    |pool_buff_val_761_V_fu_4826   |   16|   0|   16|          0|
    |pool_buff_val_762_V_fu_4830   |   16|   0|   16|          0|
    |pool_buff_val_763_V_fu_4834   |   16|   0|   16|          0|
    |pool_buff_val_764_V_fu_4838   |   16|   0|   16|          0|
    |pool_buff_val_765_V_fu_4842   |   16|   0|   16|          0|
    |pool_buff_val_766_V_fu_4846   |   16|   0|   16|          0|
    |pool_buff_val_767_V_fu_4850   |   16|   0|   16|          0|
    |pool_buff_val_768_V_fu_4854   |   16|   0|   16|          0|
    |pool_buff_val_769_V_fu_4858   |   16|   0|   16|          0|
    |pool_buff_val_76_V_s_fu_2086  |   16|   0|   16|          0|
    |pool_buff_val_770_V_fu_4862   |   16|   0|   16|          0|
    |pool_buff_val_771_V_fu_4866   |   16|   0|   16|          0|
    |pool_buff_val_772_V_fu_4870   |   16|   0|   16|          0|
    |pool_buff_val_773_V_fu_4874   |   16|   0|   16|          0|
    |pool_buff_val_774_V_fu_4878   |   16|   0|   16|          0|
    |pool_buff_val_775_V_fu_4882   |   16|   0|   16|          0|
    |pool_buff_val_776_V_fu_4886   |   16|   0|   16|          0|
    |pool_buff_val_777_V_fu_4890   |   16|   0|   16|          0|
    |pool_buff_val_778_V_fu_4894   |   16|   0|   16|          0|
    |pool_buff_val_779_V_fu_4898   |   16|   0|   16|          0|
    |pool_buff_val_77_V_s_fu_2090  |   16|   0|   16|          0|
    |pool_buff_val_780_V_fu_4902   |   16|   0|   16|          0|
    |pool_buff_val_781_V_fu_4906   |   16|   0|   16|          0|
    |pool_buff_val_782_V_fu_4910   |   16|   0|   16|          0|
    |pool_buff_val_783_V_fu_4914   |   16|   0|   16|          0|
    |pool_buff_val_784_V_fu_4918   |   16|   0|   16|          0|
    |pool_buff_val_785_V_fu_4922   |   16|   0|   16|          0|
    |pool_buff_val_786_V_fu_4926   |   16|   0|   16|          0|
    |pool_buff_val_787_V_fu_4930   |   16|   0|   16|          0|
    |pool_buff_val_788_V_fu_4934   |   16|   0|   16|          0|
    |pool_buff_val_789_V_fu_4938   |   16|   0|   16|          0|
    |pool_buff_val_78_V_s_fu_2094  |   16|   0|   16|          0|
    |pool_buff_val_790_V_fu_4942   |   16|   0|   16|          0|
    |pool_buff_val_791_V_fu_4946   |   16|   0|   16|          0|
    |pool_buff_val_792_V_fu_4950   |   16|   0|   16|          0|
    |pool_buff_val_793_V_fu_4954   |   16|   0|   16|          0|
    |pool_buff_val_794_V_fu_4958   |   16|   0|   16|          0|
    |pool_buff_val_795_V_fu_4962   |   16|   0|   16|          0|
    |pool_buff_val_796_V_fu_4966   |   16|   0|   16|          0|
    |pool_buff_val_797_V_fu_4970   |   16|   0|   16|          0|
    |pool_buff_val_798_V_fu_4974   |   16|   0|   16|          0|
    |pool_buff_val_799_V_fu_4978   |   16|   0|   16|          0|
    |pool_buff_val_79_V_s_fu_2098  |   16|   0|   16|          0|
    |pool_buff_val_7_V_0_fu_1810   |   16|   0|   16|          0|
    |pool_buff_val_800_V_fu_4982   |   16|   0|   16|          0|
    |pool_buff_val_801_V_fu_4986   |   16|   0|   16|          0|
    |pool_buff_val_802_V_fu_4990   |   16|   0|   16|          0|
    |pool_buff_val_803_V_fu_4994   |   16|   0|   16|          0|
    |pool_buff_val_804_V_fu_4998   |   16|   0|   16|          0|
    |pool_buff_val_805_V_fu_5002   |   16|   0|   16|          0|
    |pool_buff_val_806_V_fu_5006   |   16|   0|   16|          0|
    |pool_buff_val_807_V_fu_5010   |   16|   0|   16|          0|
    |pool_buff_val_808_V_fu_5014   |   16|   0|   16|          0|
    |pool_buff_val_809_V_fu_5018   |   16|   0|   16|          0|
    |pool_buff_val_80_V_s_fu_2102  |   16|   0|   16|          0|
    |pool_buff_val_810_V_fu_5022   |   16|   0|   16|          0|
    |pool_buff_val_811_V_fu_5026   |   16|   0|   16|          0|
    |pool_buff_val_81_V_s_fu_2106  |   16|   0|   16|          0|
    |pool_buff_val_82_V_s_fu_2110  |   16|   0|   16|          0|
    |pool_buff_val_83_V_s_fu_2114  |   16|   0|   16|          0|
    |pool_buff_val_84_V_s_fu_2118  |   16|   0|   16|          0|
    |pool_buff_val_85_V_s_fu_2122  |   16|   0|   16|          0|
    |pool_buff_val_86_V_s_fu_2126  |   16|   0|   16|          0|
    |pool_buff_val_87_V_s_fu_2130  |   16|   0|   16|          0|
    |pool_buff_val_88_V_s_fu_2134  |   16|   0|   16|          0|
    |pool_buff_val_89_V_s_fu_2138  |   16|   0|   16|          0|
    |pool_buff_val_8_V_0_fu_1814   |   16|   0|   16|          0|
    |pool_buff_val_90_V_s_fu_2142  |   16|   0|   16|          0|
    |pool_buff_val_91_V_s_fu_2146  |   16|   0|   16|          0|
    |pool_buff_val_92_V_s_fu_2150  |   16|   0|   16|          0|
    |pool_buff_val_93_V_s_fu_2154  |   16|   0|   16|          0|
    |pool_buff_val_94_V_s_fu_2158  |   16|   0|   16|          0|
    |pool_buff_val_95_V_s_fu_2162  |   16|   0|   16|          0|
    |pool_buff_val_96_V_s_fu_2166  |   16|   0|   16|          0|
    |pool_buff_val_97_V_s_fu_2170  |   16|   0|   16|          0|
    |pool_buff_val_98_V_s_fu_2174  |   16|   0|   16|          0|
    |pool_buff_val_99_V_s_fu_2178  |   16|   0|   16|          0|
    |pool_buff_val_9_V_0_fu_1818   |   16|   0|   16|          0|
    |start_once_reg                |    1|   0|    1|          0|
    |tmp_15_reg_18753              |   10|   0|   10|          0|
    |tmp_16_reg_18758              |    1|   0|    1|          0|
    |tmp_18_reg_18776              |    1|   0|    1|          0|
    |tmp_23_reg_18740              |    1|   0|    1|          0|
    |tmp_V_fu_1778                 |   16|   0|   16|          0|
    |value_V_reg_5228              |   16|   0|   16|          0|
    +------------------------------+-----+----+-----+-----------+
    |Total                         |13094|   0|13094|          0|
    +------------------------------+-----+----+-----+-----------+



================================================================
== Interface
================================================================
* Summary: 
+----------------+-----+-----+------------+--------------+--------------+
|    RTL Ports   | Dir | Bits|  Protocol  | Source Object|    C Type    |
+----------------+-----+-----+------------+--------------+--------------+
|ap_clk          |  in |    1| ap_ctrl_hs |     pool1    | return value |
|ap_rst          |  in |    1| ap_ctrl_hs |     pool1    | return value |
|ap_start        |  in |    1| ap_ctrl_hs |     pool1    | return value |
|start_full_n    |  in |    1| ap_ctrl_hs |     pool1    | return value |
|ap_done         | out |    1| ap_ctrl_hs |     pool1    | return value |
|ap_continue     |  in |    1| ap_ctrl_hs |     pool1    | return value |
|ap_idle         | out |    1| ap_ctrl_hs |     pool1    | return value |
|ap_ready        | out |    1| ap_ctrl_hs |     pool1    | return value |
|start_out       | out |    1| ap_ctrl_hs |     pool1    | return value |
|start_write     | out |    1| ap_ctrl_hs |     pool1    | return value |
|out_V_V_din     | out |   16|   ap_fifo  |    out_V_V   |    pointer   |
|out_V_V_full_n  |  in |    1|   ap_fifo  |    out_V_V   |    pointer   |
|out_V_V_write   | out |    1|   ap_fifo  |    out_V_V   |    pointer   |
|in_V_V_dout     |  in |   16|   ap_fifo  |    in_V_V    |    pointer   |
|in_V_V_empty_n  |  in |    1|   ap_fifo  |    in_V_V    |    pointer   |
|in_V_V_read     | out |    1|   ap_fifo  |    in_V_V    |    pointer   |
+----------------+-----+-----+------------+--------------+--------------+

